// Jest Snapshot v1, https://goo.gl/fbAQLP

exports[`Header should render normally 1`] = `
<ContextConsumer>
  <Component />
</ContextConsumer>
`;
